AGENTS 8[2m · 3f9c[0m                                    [1m⚑ 2 NEEDS YOU[0m
[2m────────────────────────────────────────────────────────────────[0m
[1;7m⚑ NEEDS YOU[0m                                                     
[1mfix-ts2345-fallout[0m  permission[1m ×3[0m                            [1m52s[0m
run: rm -rf node_modules/.cache && pnpm rebuild
[2manswer in the left pane — ⏎ jumps focus[0m
[2m+2 retry agents folded[0m
[1mtypecheck-works…[0m  stalled                                  [1m2m50s[0m
no call open · silent 2m50s
[2mo opens the log · y yanks the command[0m
[2m────────────────────────────────────────────────────────────────[0m
[1m◍[0m main[2m  refactor auth[0m                                       [2m112k[0m
[2m│ [0mwrite the migration                                         [2m5s[0m
[2m├─╮[0m
[7m│ ╰[0m[1;7m⚑[0m[1;7m fix-ts2345-fallout[0m[7m  ↺2[0m[7m                       [0m[7m▇······[0m[7m 0.0k/s[0m
[2m│    [0m[2mFix the TS2345 fallout in api handlers[0m
[2m│    [0m[2m⤷ [0m[1mblocked · asked to clear the TS cache[0m           [2m▪▪▫·[0m[2m  44k[0m
[2m│      │ [0m✔[2m Edit api/types.ts[0m[2m  +29 −4[0m
[2m│      │ [0m[1m✖[0m[2m Bash pnpm typecheck[0m[2m  1 err[0m
[2m│      │ [0m✔[2m Edit api/handlers.ts[0m[2m  +6 −2[0m
[2m│      │ [0m[1m⚑ permission request[0m[1m  52s[0m[2m  +3 more[0m
[2m├─╮[0m
[2m│ ╰[0m[1m⚑[0m[1m typecheck-works…[0m                             [1m·······[0m[2m 0.0k/s[0m
[2m│    [0m[2m⤷ [0m[1mno call open · silent 2m50s[0m          [2m▪▪▫·[0m[2m first edit[0m[2m  33k[0m
[2m├─╮[0m
[2m│ ╰[0m● run-auth-tests                              ◐ in Bash 3m12s
[2m│    [0m[2m⤷ [0mBash pnpm test --watch  ✓ verified   [2m▪▫··[0m[2m first tool[0m[2m  38k[0m
[2m├─╮[0m
[2m│ ╰[0m● audit-users-schema                           ··▆··▇·[2m 0.1k/s[0m
[2m│    [0m[2m⤷ [0mGrep "createUser" src/**             [2m▪▪▫·[0m[2m first edit[0m[2m  52k[0m
[2m├─╮[0m
[2m│ ╰[0m● write-email-index                            ···▇··▄[2m 0.3k/s[0m
[2m│    [0m[2m⤷ [0mEdit db/migrations/0042.sql          [2m▪▪▫·[0m[2m first edit[0m[2m  86k[0m
[2m├─╮[0m
[2m│ ╰[0m[2m○[0m[2m document-constr…[0m[2m  queued[0m                                   
[2m├─╮[0m
[2m│ ╰[0m[2m●[0m[2m lint-and-format[0m[2m  returned · 0:46[0m                           
[2m╰─╮[0m
[2m  ╰[0m[2m◇[0m[2m reviewer[0m[2m  limited telemetry[0m                                
[2m────────────────────────────────────────────────────────────────[0m
[1m⚠ 2 agents editing db/schema.ts[0m
[2m  audit-users-schema + write-email-index[0m
[2m────────────────────────────────────────────────────────────────[0m
[2mj/k ␣ ⏎ f o y · t tokens[0m                            [2mtoken rate →[0m