AGENTS 8[90m · 3f9c[0m                [1m⚑ 2 NEEDS YOU[0m
[90m────────────────────────────────────────────[0m
[1m◍[0m main[90m  refactor auth[0m                   [90m112k[0m
[90m│ [0mholding 2 agents · waiting on you       [2;90m5s[0m
[90m├─╮[0m
[7m│ ╰[0m[1;7m⚑[0m[1;7m fix-ts2345-fallout[0m[7m  ↺2[0m[7m       [0m[1;7m ·····[0m[1;7m 52s[0m
[90m│    [0m[90mFix the TS2345 fallout in api handlers[0m
[90m│    [0m[90m⤷ [0m[1mblocked · asked to clear the TS[0m[1m…[0m [2;90m▪▪▫·[0m
[90m│      │ [0m[32m✔[0m[90m Edit api/types.ts[0m
[90m│      │ [0m[1m✖[0m[90m Bash pnpm typecheck[0m
[90m│      │ [0m[32m✔[0m[90m Edit api/handlers.ts[0m
[90m│      │ [0m[1m⚑ permission request[0m[1m  52s[0m[2;90m  +3 more[0m
[90m├─╮[0m
[90m│ ╰[0m[1m⚑[0m[1m typecheck-works…[0m           [1m ·····[0m[1m 2m50s[0m
[90m│    [0m[90m⤷ [0m[1mno call open · silent 2m50s[0m      [2;90m▪▪▫·[0m
[90m│      │ [0m[32m✔[0m[90m Read tsconfig.json[0m
[90m│      │ [0m[32m✔[0m[90m Edit packages/api/tsconfig.json[0m
[90m│      │ [0m[32m✔[0m[90m Edit packages/worker/tsconfig.js[0m[90m…[0m
[90m│      │ [0m[32m✔[0m[90m Edit types/session.ts[0m
[90m├─╮[0m
[90m│ ╰[0m[32m●[0m run-auth-tests          [32m◐ in Bash[0m[32m 3m12s[0m
[90m│    [0m[90m⤷ [0mBash pnpm test --watch           [2;90m▪▫··[0m
[90m│      │ [0m[32m✔[0m[90m Read auth/session.test.ts[0m
[90m│      │ [0m[32m✔[0m[90m Bash pnpm test --filter auth --r[0m[90m…[0m
[90m├─╮[0m
[90m│ ╰[0m[32m●[0m audit-users-schema        [32m⠼▇▇···[0m[2;90m 0.1k/s[0m
[90m│    [0m[90m⤷ [0mGrep "createUser" src/**         [2;90m▪▪▫·[0m
[90m│      │ [0m[32m✔[0m[90m Grep "editUser" src/**[0m
[90m│      │ [0m[32m✔[0m[90m Edit db/users.ts[0m
[90m│      │ [0m[32m✔[0m[90m Read db/indexes.ts[0m
[90m│      │ [0m[32m✔[0m[90m Grep "createUser" src/**[0m[2;90m  +3 more[0m
[90m├─╮[0m
[90m│ ╰[0m[32m●[0m write-email-index         [32m ▇▇▇▇▇[0m[2;90m 0.3k/s[0m
[90m│    [0m[90m⤷ [0mEdit db/migrations/0042.sql      [2;90m▪▪▫·[0m
[90m│      │ [0m[32m✔[0m[90m Edit db/migrations/0042.sql[0m
[90m│      │ [0m[32m✔[0m[90m Edit db/migrations/0042.sql[0m[2;90m  +4 [0m[2;90m…[0m
[90m├─╮[0m
[90m│ ╰[0m[90m○[0m[90m document-constr…[0m[90m  queued[0m               
[90m├─╮[0m
[90m│ ╰[0m[90m●[0m[90m lint-and-format[0m[90m  returned · 0:46[0m       
[90m╰─╮[0m
[90m  ╰[0m[90m◇[0m[90m reviewer[0m[90m  limited telemetry[0m            
[90m────────────────────────────────────────────[0m
[2;90mj/k ⏎ · t tokens[0m                [2;90mtoken rate →[0m