AGENTS 7[90m · 3f9c[0m[32m  ▇·····[0m[90m 1/7[0m                        [1m⚑ 2 NEEDS YOU[0m
[90m────────────────────────────────────────────────────────────────[0m
[1m◍[0m main[90m  refactor auth[0m                                       112k
[90m│ [0mholding 2 agents · waiting on you                           [90m5s[0m
[90m├─╮[0m
[7m│ ╰[0m[1;7m⚑[0m[1;7m fix-ts2345-fallout[0m[7m  ↺2[0m[7m                            [0m[1;7m▇▇▇▇·[0m[1;7m 52s[0m
[90m│    [0m[90mFix the TS2345 fallout in api handlers[0m
[90m│    [0m[32m▸ [0m[1mblocked · asked to clear the TS cache[0m           ▪▪▫·  44k
[90m├─╮[0m
[90m│ ╰[0m[1m⚑[0m[1m typecheck-works…[0m                                      [1m2m50s[0m
[90m├─╮[0m
[90m│ ╰[0m[32m●[0m run-auth-tests                              [32m◐ in Bash[0m[32m 3m12s[0m
[90m├─╮[0m
[90m│ ╰[0m[32m●[0m audit-users-schema                                   0.1k/s
[90m├─╮[0m
[90m│ ╰[0m[32m●[0m write-email-index                                    0.3k/s

RETURNED 1
[90m────────────────────────────────────────────────────────────────[0m
[32m  lint-and-format[0m                                      [90m3:56[0m  47k
[90m────────────────────────────────────────────────────────────────[0m
[1m▣ [0mfix-ts2345-fallout[1m ASK[0m             [2;90melapsed 4:52 · 44k · +35 −6[0m
Fix the TS2345 fallout in api handlers           [90mgeneral-purpose[0m
[32m▸ [0m[1mblocked · asked to clear the TS cache[0m                         
[2;90m▪▪▫·[0m[2;90m  first edit[0m                      [1m✖ verify failed (inferred)[0m
[2;90mhistory [0m[32m▇▇▇▇▇▇▇·[0m[2;90m  40s/bar · peak 1/5 of run · whole run (4:52)[0m
[90mRead types.ts[0m
Read types.ts
Bash pnpm typecheck → 1 error
[31m  TS2345 handlers.ts:88[0m
[31m  'string | null' not assignable to 'string'[0m
Bash pnpm typecheck → 1 error
[31m  TS2345 handlers.ts:88[0m
[31m  'string | null' not assignable to 'string'[0m
Edit types.ts (+29 −4)
Bash pnpm typecheck → 1 error
[31m  TS2345 handlers.ts:88[0m
[31m  'string | null' not assignable to 'string'[0m
Edit handlers.ts (+6 −2)
[1m⚑ needs permission: rm -rf node_modules/.cache && pnpm rebuild[0m
[32m▌[0m
[2;90mesc close view — agent keeps running[0m       [90mo src/api/handlers.ts[0m
[90m────────────────────────────────────────────────────────────────[0m
[2;90m⇥ jump to the session pane to answer[0m                     [90m1–5 / 7[0m