AGENTS 8[90m · 3f9c[0m                                    [1m⚑ 2 NEEDS YOU[0m
[90m────────────────────────────────────────────────────────────────[0m
[1;7m⚑ NEEDS YOU[0m                                                     
[1mfix-ts2345-fallout[0m  permission[1m ×3[0m                            [1m52s[0m
run: rm -rf node_modules/.cache && pnpm rebuild
[2;90manswer in the left pane — ⏎ jumps focus[0m
[90m+2 retry agents folded[0m
[1mtypecheck-works…[0m  stalled                                  [1m2m50s[0m
no call open · silent 2m50s
[2;90mo opens the log · y yanks the command[0m
[90m────────────────────────────────────────────────────────────────[0m
[1m◍[0m main[90m  refactor auth[0m                                       [90m112k[0m
[90m│ [0mholding 2 agents · waiting on you                           [2;90m5s[0m
[90m├─╮[0m
[7m│ ╰[0m[1;7m⚑[0m[1;7m fix-ts2345-fallout[0m[7m  ↺2[0m[7m                           [0m[1;7m ·····[0m[1;7m 52s[0m
[90m│    [0m[90mFix the TS2345 fallout in api handlers[0m
[90m│    [0m[90m⤷ [0m[1mblocked · asked to clear the TS cache[0m           [2;90m▪▪▫·[0m[90m  44k[0m
[90m├─╮[0m
[90m│ ╰[0m[1m⚑[0m[1m typecheck-works…[0m                               [1m ·····[0m[1m 2m50s[0m
[90m├─╮[0m
[90m│ ╰[0m[32m●[0m run-auth-tests                              [32m◐ in Bash[0m[32m 3m12s[0m
[90m├─╮[0m
[90m│ ╰[0m[32m●[0m audit-users-schema                            [32m⠼▇▇···[0m[2;90m 0.1k/s[0m
[90m├─╮[0m
[90m│ ╰[0m[32m●[0m write-email-index                             [32m ▇▇▇▇▇[0m[2;90m 0.3k/s[0m
[90m────────────────────────────────────────────────────────────────[0m
[1m⚠ 2 agents editing db/schema.ts[0m
[90m  audit-users-schema + write-email-index[0m
[90m────────────────────────────────────────────────────────────────[0m
[1m▣ [0mfix-ts2345-fallout[1m ASK[0m             [2;90melapsed 4:52 · 44k · +35 −6[0m
Fix the TS2345 fallout in api handlers           [90mgeneral-purpose[0m
[2;90m▪▪▫·[0m[2;90m  first edit[0m                      [1m✖ verify failed (inferred)[0m
[2;90mhistory [0m[32m▇·····[0m[2;90m  10s/bar · peak 1/5 of run · last 60s of 4:52[0m
[31m  'string | null' not assignable to 'string'[0m
Edit api/types.ts (+29 −4)
Bash pnpm typecheck → 1 error
[31m  TS2345 handlers.ts:88[0m
[31m  'string | null' not assignable to 'string'[0m
Edit api/handlers.ts (+6 −2)
[1m⚑ needs permission: rm -rf node_modules/.cache && pnpm rebuild[0m
[32m▌[0m
[2;90mesc close view — agent keeps running[0m       [90mo src/api/handlers.ts[0m
[90m────────────────────────────────────────────────────────────────[0m
[2;90mj/k ␣ ⏎ f o y · n voice · t tokens[0m                       [90m1–5 / 8[0m