AGENTS 7[90m · 3f9c[0m[32m  ▇·····[0m[90m 1/7[0m                       [1m⚠ disconnected[0m
[90m────────────────────────────────────────────────────────────────[0m
[1;2m◍[0m[2m main[0m[2;90m  refactor auth[0m[2m                                       [0m[2m112k[0m
[2;90m│ [0m[2mholding 2 agents · waiting on you[0m[2m                           [0m[2;90m5s[0m
[2;90m├─╮[0m
[2;7m│ ╰[0m[1;2;7m⚑[0m[1;2;7m fix-ts2345-fallout[0m[2;7m  ↺2[0m[2;7m                            [0m[1;2;7m▇▇▇▇·[0m[1;2;7m 52s[0m
[2;90m│    [0m[2;90mFix the TS2345 fallout in api handlers[0m
[2;90m│      [0m[2;32m✔[0m[2;90m Edit handlers.ts[0m[2;90m  +6 −2[0m[2;90m  +5 more[0m
[2;90m│      [0m[1;2m⚑ permission request[0m[1;2m  52s[0m
[2;90m│    [0m[2;32m▸ [0m[1;2mblocked · asked to clear the TS cache[0m[2m           [0m[2m▪▪▫·[0m[2m  44k[0m
[2;90m├─╮[0m
[2;90m│ ╰[0m[1;2m⚑[0m[1;2m typecheck-works…[0m[2m                                      [0m[1;2m2m50s[0m
[2;90m│      [0m[2;32m✔[0m[2;90m Edit tsconfig.json[0m[2;90m  +2 −0[0m[2;90m  +2 more[0m
[2;90m│      [0m[2;32m✔[0m[2;90m Edit session.ts[0m[2;90m  +11 −2[0m
[2;90m│    [0m[2;32m▸ [0m[1;2mno call open · silent 2m50s[0m[2m                     [0m[2m▪▪▫·[0m[2m  33k[0m
[2;90m├─╮[0m
[2;90m│ ╰[0m[2;32m●[0m[2m run-auth-tests[0m[2m                              [0m[2;32m◐ in Bash[0m[2;32m 3m12s[0m
[2;90m│      [0m[2;32m✔[0m[2;90m Read session.test.ts[0m
[2;90m│      [0m[2;32m✔[0m[2;90m Bash pnpm test --filter auth --run[0m
[2;90m│    [0m[2;32m▸ [0m[2mBash pnpm test --watch[0m[2m                          [0m[2m▪▫··[0m[2m  38k[0m
[2;90m├─╮[0m
[2;90m│ ╰[0m[2;32m●[0m[2m audit-users-schema[0m[2m                                   [0m[2m0.1k/s[0m
[2;90m│      [0m[2;32m✔[0m[2;90m Edit users.ts[0m[2;90m  +18 −6[0m[2;90m  +4 more[0m
[2;90m│      [0m[2;32m✔[0m[2;90m Read indexes.ts[0m
[2;90m│    [0m[2;32m▸ [0m[2mGrep "createUser" src/**[0m[2m                        [0m[2m▪▪▫·[0m[2m  52k[0m
[2;90m├─╮[0m
[2;90m│ ╰[0m[2;32m●[0m[2m write-email-index[0m[2m                                    [0m[2m0.3k/s[0m
[2;90m│      [0m[2;32m✔[0m[2;90m Read indexes.ts[0m[2;90m  +3 more[0m
[2;90m│      [0m[2;32m✔[0m[2;90m Edit 0042.sql[0m[2;90m  +30 −2[0m
[2;90m│    [0m[2;32m▸ [0m[2mEdit 0042.sql[0m[2m                                   [0m[2m▪▪▫·[0m[2m  86k[0m
[2;90m├─╮[0m
[2;90m│ ╰[0m[2;90m○[0m[2;90m document-constr…[0m[2;90m  queued[0m[2m                                   [0m
[2;90m╰─╮[0m
[2;90m  ╰[0m[2;90m◇[0m[2;90m reviewer[0m[2;90m  limited telemetry[0m[2m                                [0m





[2mRETURNED 1[0m
[2;90m────────────────────────────────────────────────────────────────[0m
[2;32m  lint-and-format[0m[2m                                      [0m[2;90m3:56[0m[2m  47k[0m
[90m────────────────────────────────────────────────────────────────[0m
[2;90m⇥ jump to the session pane to answer[0m             [90mretrying in 1s…[0m