AGENTS[90m · 3f9c[0m                                               [90midle[0m
[90m────────────────────────────────────────────────────────────────[0m
[32m◍[0m claude[90m ready · ~/Dev[0m
[90m╰─ [0m[90mno subagents[0m

RUN 3f9c-r1                                              [2;90m[ ] 1/1[0m
[90m2 subagents · 4m00s · 611k tok[0m
[90mexplore-schema[0m                                       [32m█████[0m[2;90m 1m28s[0m
[90mtest-runner[0m                                   [32m████████████[0m[2;90m 3m04s[0m













[90m────────────────────────────────────────────────────────────────[0m
[90m⠼[0m[90m watching for activity[0m                          [2;90m[ ] browse runs[0m