AGENTS 40                                        [90m4:00 · 100k tok[0m
[90m────────────────────────────────────────────────────────────────[0m
[32m◍[0m main[90m  big refactor[0m                                         [90m12k[0m
[90m│ [0mholding 8 agents                                            [2;90m6s[0m
[90m├─╮[0m
[90m│ ╰[0m[32m●[0m port-number-4                                     [32m ·····[0m[2;90m 4s[0m
[90m├─╮[0m
[90m│ ╰[0m[32m●[0m port-number-5                                     [32m ·····[0m[2;90m 5s[0m
[90m├─╮[0m
[90m│ ╰[0m[32m●[0m port-number-8                                     [32m ·····[0m[2;90m 8s[0m
[90m├─╮[0m
[90m│ ╰[0m[32m●[0m port-number-9                                     [32m⠼▇····[0m[2;90m 0s[0m
[90m├─╮[0m
[90m│ ╰[0m[32m●[0m port-number-10                                    [32m⠼▇····[0m[2;90m 1s[0m
[90m├─╮[0m
[90m│ ╰[0m[32m●[0m port-number-13                                    [32m ·····[0m[2;90m 4s[0m
[90m├─╮[0m
[90m│ ╰[0m[32m●[0m port-number-14                                    [32m ·····[0m[2;90m 5s[0m
[90m├─╮[0m
[90m│ ╰[0m[32m●[0m port-number-15                                    [32m ·····[0m[2;90m 6s[0m
[90m├─╮[0m
[90m│ ╰[0m[32m●[0m port-number-18                                    [32m⠼▇····[0m[2;90m 0s[0m
[90m├─╮[0m
[90m│ ╰[0m[32m●[0m port-number-19                                    [32m⠼▇····[0m[2;90m 1s[0m
[90m├─╮[0m
[7m│ ╰[0m[7m●[0m[7m port-number-20[0m[7m                                    [0m[7m⠼▇····[0m[7m 2s[0m
[90m│    [0m[90mPort the number 20 routes[0m
[90m│    [0m[90m⤷ [0m                                     [2;90m▪▫··[0m[2;90m first tool[0m[90m  21k[0m
[90m────────────────────────────────────────────────────────────────[0m
[2;90mj/k ␣ ⏎ f o y · n voice · t tokens[0m                     [90m3–13 / 40[0m